<?xml version='1.0' encoding='ISO-8859-1'?><DataSeriesSet name="" date="16/Aug/2012"><DataSeries name="SIV_EndDec11_out" status="2"><DynamicProperties><Property name="source" type="string">Bloomberg</Property><Property name="ticker" type="string">EUSVxy</Property><Property name="economy" type="string">EUR</Property><Property name="strike_type" type="string">fwdstrike</Property><Property name="volatility_measure" type="string">blackIV</Property><Property name="volatility_type" type="string">spotvol</Property><Property name="axis1_scale" type="string">WMY</Property><Property name="axis2_scale" type="string">WMY</Property><Property name="axis3_scale" type="string">absolute</Property><Property name="units" type="string">percent</Property><Property name="dataseries_type" type="string">surface</Property><Property name="description" type="string">Swaption Implied Volatility End Dec 2011</Property></DynamicProperties><Dates><Date effectiveDate="02/Jan/2040">30/Dec/2011</Date></Dates><Axis name="Term" value="10"><Axis name="Tenor" value="10"><Axis name="Strike" value="0"><Values><V>25.4</V></Values></Axis></Axis><Axis name="Tenor" value="12"><Axis name="Strike" value="0"><Values><V>25.4</V></Values></Axis></Axis><Axis name="Tenor" value="15"><Axis name="Strike" value="0"><Values><V>25.4</V></Values></Axis></Axis><Axis name="Tenor" value="1"><Axis name="Strike" value="0"><Values><V>22.7</V></Values></Axis></Axis><Axis name="Tenor" value="20"><Axis name="Strike" value="0"><Values><V>25.8</V></Values></Axis></Axis><Axis name="Tenor" value="25"><Axis name="Strike" value="0"><Values><V>26</V></Values></Axis></Axis><Axis name="Tenor" value="2"><Axis name="Strike" value="0"><Values><V>22.9</V></Values></Axis></Axis><Axis name="Tenor" value="30"><Axis name="Strike" value="0"><Values><V>25.8</V></Values></Axis></Axis><Axis name="Tenor" value="3"><Axis name="Strike" value="0"><Values><V>22.9</V></Values></Axis></Axis><Axis name="Tenor" value="4"><Axis name="Strike" value="0"><Values><V>22.9</V></Values></Axis></Axis><Axis name="Tenor" value="5"><Axis name="Strike" value="0"><Values><V>23.1</V></Values></Axis></Axis><Axis name="Tenor" value="6"><Axis name="Strike" value="0"><Values><V>23.4</V></Values></Axis></Axis><Axis name="Tenor" value="7"><Axis name="Strike" value="0"><Values><V>23.9</V></Values></Axis></Axis><Axis name="Tenor" value="8"><Axis name="Strike" value="0"><Values><V>24.4</V></Values></Axis></Axis><Axis name="Tenor" value="9"><Axis name="Strike" value="0"><Values><V>24.9</V></Values></Axis></Axis></Axis><Axis name="Term" value="12"><Axis name="Tenor" value="10"><Axis name="Strike" value="0"><Values><V>26.6</V></Values></Axis></Axis><Axis name="Tenor" value="12"><Axis name="Strike" value="0"><Values><V>26.5</V></Values></Axis></Axis><Axis name="Tenor" value="15"><Axis name="Strike" value="0"><Values><V>26.3</V></Values></Axis></Axis><Axis name="Tenor" value="1"><Axis name="Strike" value="0"><Values><V>23.5</V></Values></Axis></Axis><Axis name="Tenor" value="20"><Axis name="Strike" value="0"><Values><V>26.1</V></Values></Axis></Axis><Axis name="Tenor" value="25"><Axis name="Strike" value="0"><Values><V>25.8</V></Values></Axis></Axis><Axis name="Tenor" value="2"><Axis name="Strike" value="0"><Values><V>23.2</V></Values></Axis></Axis><Axis name="Tenor" value="30"><Axis name="Strike" value="0"><Values><V>25.4</V></Values></Axis></Axis><Axis name="Tenor" value="3"><Axis name="Strike" value="0"><Values><V>23.3</V></Values></Axis></Axis><Axis name="Tenor" value="4"><Axis name="Strike" value="0"><Values><V>23.9</V></Values></Axis></Axis><Axis name="Tenor" value="5"><Axis name="Strike" value="0"><Values><V>24.4</V></Values></Axis></Axis><Axis name="Tenor" value="6"><Axis name="Strike" value="0"><Values><V>24.8</V></Values></Axis></Axis><Axis name="Tenor" value="7"><Axis name="Strike" value="0"><Values><V>25.2</V></Values></Axis></Axis><Axis name="Tenor" value="8"><Axis name="Strike" value="0"><Values><V>25.6</V></Values></Axis></Axis><Axis name="Tenor" value="9"><Axis name="Strike" value="0"><Values><V>26.2</V></Values></Axis></Axis></Axis><Axis name="Term" value="15"><Axis name="Tenor" value="10"><Axis name="Strike" value="0"><Values><V>28.6</V></Values></Axis></Axis><Axis name="Tenor" value="12"><Axis name="Strike" value="0"><Values><V>28.2</V></Values></Axis></Axis><Axis name="Tenor" value="15"><Axis name="Strike" value="0"><Values><V>27.6</V></Values></Axis></Axis><Axis name="Tenor" value="1"><Axis name="Strike" value="0"><Values><V>25.1</V></Values></Axis></Axis><Axis name="Tenor" value="20"><Axis name="Strike" value="0"><Values><V>26.4</V></Values></Axis></Axis><Axis name="Tenor" value="25"><Axis name="Strike" value="0"><Values><V>25.4</V></Values></Axis></Axis><Axis name="Tenor" value="2"><Axis name="Strike" value="0"><Values><V>24.5</V></Values></Axis></Axis><Axis name="Tenor" value="30"><Axis name="Strike" value="0"><Values><V>24.8</V></Values></Axis></Axis><Axis name="Tenor" value="3"><Axis name="Strike" value="0"><Values><V>25.1</V></Values></Axis></Axis><Axis name="Tenor" value="4"><Axis name="Strike" value="0"><Values><V>25.8</V></Values></Axis></Axis><Axis name="Tenor" value="5"><Axis name="Strike" value="0"><Values><V>26.2</V></Values></Axis></Axis><Axis name="Tenor" value="6"><Axis name="Strike" value="0"><Values><V>26.9</V></Values></Axis></Axis><Axis name="Tenor" value="7"><Axis name="Strike" value="0"><Values><V>27.5</V></Values></Axis></Axis><Axis name="Tenor" value="8"><Axis name="Strike" value="0"><Values><V>27.9</V></Values></Axis></Axis><Axis name="Tenor" value="9"><Axis name="Strike" value="0"><Values><V>28.4</V></Values></Axis></Axis></Axis><Axis name="Term" value="1"><Axis name="Tenor" value="10"><Axis name="Strike" value="0"><Values><V>38.7</V></Values></Axis></Axis><Axis name="Tenor" value="12"><Axis name="Strike" value="0"><Values><V>37.9</V></Values></Axis></Axis><Axis name="Tenor" value="15"><Axis name="Strike" value="0"><Values><V>36.7</V></Values></Axis></Axis><Axis name="Tenor" value="1"><Axis name="Strike" value="0"><Values><V>50.2</V></Values></Axis></Axis><Axis name="Tenor" value="20"><Axis name="Strike" value="0"><Values><V>37.5</V></Values></Axis></Axis><Axis name="Tenor" value="25"><Axis name="Strike" value="0"><Values><V>39.4</V></Values></Axis></Axis><Axis name="Tenor" value="2"><Axis name="Strike" value="0"><Values><V>50.1</V></Values></Axis></Axis><Axis name="Tenor" value="30"><Axis name="Strike" value="0"><Values><V>41.2</V></Values></Axis></Axis><Axis name="Tenor" value="3"><Axis name="Strike" value="0"><Values><V>46.8</V></Values></Axis></Axis><Axis name="Tenor" value="4"><Axis name="Strike" value="0"><Values><V>44.8</V></Values></Axis></Axis><Axis name="Tenor" value="5"><Axis name="Strike" value="0"><Values><V>43.4</V></Values></Axis></Axis><Axis name="Tenor" value="6"><Axis name="Strike" value="0"><Values><V>41.1</V></Values></Axis></Axis><Axis name="Tenor" value="7"><Axis name="Strike" value="0"><Values><V>39.8</V></Values></Axis></Axis><Axis name="Tenor" value="8"><Axis name="Strike" value="0"><Values><V>39.2</V></Values></Axis></Axis><Axis name="Tenor" value="9"><Axis name="Strike" value="0"><Values><V>38.9</V></Values></Axis></Axis></Axis><Axis name="Term" value="20"><Axis name="Tenor" value="10"><Axis name="Strike" value="0"><Values><V>31.2</V></Values></Axis></Axis><Axis name="Tenor" value="12"><Axis name="Strike" value="0"><Values><V>29.7</V></Values></Axis></Axis><Axis name="Tenor" value="15"><Axis name="Strike" value="0"><Values><V>27.5</V></Values></Axis></Axis><Axis name="Tenor" value="1"><Axis name="Strike" value="0"><Values><V>27.7</V></Values></Axis></Axis><Axis name="Tenor" value="20"><Axis name="Strike" value="0"><Values><V>25.4</V></Values></Axis></Axis><Axis name="Tenor" value="25"><Axis name="Strike" value="0"><Values><V>24.4</V></Values></Axis></Axis><Axis name="Tenor" value="2"><Axis name="Strike" value="0"><Values><V>29.4</V></Values></Axis></Axis><Axis name="Tenor" value="30"><Axis name="Strike" value="0"><Values><V>23.6</V></Values></Axis></Axis><Axis name="Tenor" value="3"><Axis name="Strike" value="0"><Values><V>29.9</V></Values></Axis></Axis><Axis name="Tenor" value="4"><Axis name="Strike" value="0"><Values><V>30.1</V></Values></Axis></Axis><Axis name="Tenor" value="5"><Axis name="Strike" value="0"><Values><V>30.4</V></Values></Axis></Axis><Axis name="Tenor" value="6"><Axis name="Strike" value="0"><Values><V>30.8</V></Values></Axis></Axis><Axis name="Tenor" value="7"><Axis name="Strike" value="0"><Values><V>31.1</V></Values></Axis></Axis><Axis name="Tenor" value="8"><Axis name="Strike" value="0"><Values><V>31.2</V></Values></Axis></Axis><Axis name="Tenor" value="9"><Axis name="Strike" value="0"><Values><V>31.2</V></Values></Axis></Axis></Axis><Axis name="Term" value="25"><Axis name="Tenor" value="10"><Axis name="Strike" value="0"><Values><V>29.9</V></Values></Axis></Axis><Axis name="Tenor" value="12"><Axis name="Strike" value="0"><Values><V>28</V></Values></Axis></Axis><Axis name="Tenor" value="15"><Axis name="Strike" value="0"><Values><V>25.2</V></Values></Axis></Axis><Axis name="Tenor" value="1"><Axis name="Strike" value="0"><Values><V>30.7</V></Values></Axis></Axis><Axis name="Tenor" value="20"><Axis name="Strike" value="0"><Values><V>22.9</V></Values></Axis></Axis><Axis name="Tenor" value="25"><Axis name="Strike" value="0"><Values><V>21.9</V></Values></Axis></Axis><Axis name="Tenor" value="2"><Axis name="Strike" value="0"><Values><V>32.5</V></Values></Axis></Axis><Axis name="Tenor" value="30"><Axis name="Strike" value="0"><Values><V>21.2</V></Values></Axis></Axis><Axis name="Tenor" value="3"><Axis name="Strike" value="0"><Values><V>32.8</V></Values></Axis></Axis><Axis name="Tenor" value="4"><Axis name="Strike" value="0"><Values><V>32.5</V></Values></Axis></Axis><Axis name="Tenor" value="5"><Axis name="Strike" value="0"><Values><V>32</V></Values></Axis></Axis><Axis name="Tenor" value="6"><Axis name="Strike" value="0"><Values><V>31.8</V></Values></Axis></Axis><Axis name="Tenor" value="7"><Axis name="Strike" value="0"><Values><V>31.4</V></Values></Axis></Axis><Axis name="Tenor" value="8"><Axis name="Strike" value="0"><Values><V>30.9</V></Values></Axis></Axis><Axis name="Tenor" value="9"><Axis name="Strike" value="0"><Values><V>30.4</V></Values></Axis></Axis></Axis><Axis name="Term" value="2"><Axis name="Tenor" value="10"><Axis name="Strike" value="0"><Values><V>34.2</V></Values></Axis></Axis><Axis name="Tenor" value="12"><Axis name="Strike" value="0"><Values><V>33.8</V></Values></Axis></Axis><Axis name="Tenor" value="15"><Axis name="Strike" value="0"><Values><V>33.2</V></Values></Axis></Axis><Axis name="Tenor" value="1"><Axis name="Strike" value="0"><Values><V>51</V></Values></Axis></Axis><Axis name="Tenor" value="20"><Axis name="Strike" value="0"><Values><V>34.7</V></Values></Axis></Axis><Axis name="Tenor" value="25"><Axis name="Strike" value="0"><Values><V>36.2</V></Values></Axis></Axis><Axis name="Tenor" value="2"><Axis name="Strike" value="0"><Values><V>45.4</V></Values></Axis></Axis><Axis name="Tenor" value="30"><Axis name="Strike" value="0"><Values><V>37.1</V></Values></Axis></Axis><Axis name="Tenor" value="3"><Axis name="Strike" value="0"><Values><V>41.1</V></Values></Axis></Axis><Axis name="Tenor" value="4"><Axis name="Strike" value="0"><Values><V>38.2</V></Values></Axis></Axis><Axis name="Tenor" value="5"><Axis name="Strike" value="0"><Values><V>37.4</V></Values></Axis></Axis><Axis name="Tenor" value="6"><Axis name="Strike" value="0"><Values><V>36.4</V></Values></Axis></Axis><Axis name="Tenor" value="7"><Axis name="Strike" value="0"><Values><V>35.6</V></Values></Axis></Axis><Axis name="Tenor" value="8"><Axis name="Strike" value="0"><Values><V>35</V></Values></Axis></Axis><Axis name="Tenor" value="9"><Axis name="Strike" value="0"><Values><V>34.5</V></Values></Axis></Axis></Axis><Axis name="Term" value="30"><Axis name="Tenor" value="10"><Axis name="Strike" value="0"><Values><V>25.4</V></Values></Axis></Axis><Axis name="Tenor" value="12"><Axis name="Strike" value="0"><Values><V>23.9</V></Values></Axis></Axis><Axis name="Tenor" value="15"><Axis name="Strike" value="0"><Values><V>21.8</V></Values></Axis></Axis><Axis name="Tenor" value="1"><Axis name="Strike" value="0"><Values><V>28.4</V></Values></Axis></Axis><Axis name="Tenor" value="20"><Axis name="Strike" value="0"><Values><V>19.9</V></Values></Axis></Axis><Axis name="Tenor" value="25"><Axis name="Strike" value="0"><Values><V>19.5</V></Values></Axis></Axis><Axis name="Tenor" value="2"><Axis name="Strike" value="0"><Values><V>27.7</V></Values></Axis></Axis><Axis name="Tenor" value="30"><Axis name="Strike" value="0"><Values><V>18.5</V></Values></Axis></Axis><Axis name="Tenor" value="3"><Axis name="Strike" value="0"><Values><V>27.1</V></Values></Axis></Axis><Axis name="Tenor" value="4"><Axis name="Strike" value="0"><Values><V>26.4</V></Values></Axis></Axis><Axis name="Tenor" value="5"><Axis name="Strike" value="0"><Values><V>25.9</V></Values></Axis></Axis><Axis name="Tenor" value="6"><Axis name="Strike" value="0"><Values><V>25.6</V></Values></Axis></Axis><Axis name="Tenor" value="7"><Axis name="Strike" value="0"><Values><V>25.4</V></Values></Axis></Axis><Axis name="Tenor" value="8"><Axis name="Strike" value="0"><Values><V>25.7</V></Values></Axis></Axis><Axis name="Tenor" value="9"><Axis name="Strike" value="0"><Values><V>25.4</V></Values></Axis></Axis></Axis><Axis name="Term" value="3"><Axis name="Tenor" value="10"><Axis name="Strike" value="0"><Values><V>30.9</V></Values></Axis></Axis><Axis name="Tenor" value="12"><Axis name="Strike" value="0"><Values><V>30.6</V></Values></Axis></Axis><Axis name="Tenor" value="15"><Axis name="Strike" value="0"><Values><V>30.2</V></Values></Axis></Axis><Axis name="Tenor" value="1"><Axis name="Strike" value="0"><Values><V>47.3</V></Values></Axis></Axis><Axis name="Tenor" value="20"><Axis name="Strike" value="0"><Values><V>31.4</V></Values></Axis></Axis><Axis name="Tenor" value="25"><Axis name="Strike" value="0"><Values><V>33</V></Values></Axis></Axis><Axis name="Tenor" value="2"><Axis name="Strike" value="0"><Values><V>39</V></Values></Axis></Axis><Axis name="Tenor" value="30"><Axis name="Strike" value="0"><Values><V>33.9</V></Values></Axis></Axis><Axis name="Tenor" value="3"><Axis name="Strike" value="0"><Values><V>36.2</V></Values></Axis></Axis><Axis name="Tenor" value="4"><Axis name="Strike" value="0"><Values><V>33.7</V></Values></Axis></Axis><Axis name="Tenor" value="5"><Axis name="Strike" value="0"><Values><V>32.7</V></Values></Axis></Axis><Axis name="Tenor" value="6"><Axis name="Strike" value="0"><Values><V>32.2</V></Values></Axis></Axis><Axis name="Tenor" value="7"><Axis name="Strike" value="0"><Values><V>31.5</V></Values></Axis></Axis><Axis name="Tenor" value="8"><Axis name="Strike" value="0"><Values><V>31.2</V></Values></Axis></Axis><Axis name="Tenor" value="9"><Axis name="Strike" value="0"><Values><V>30.9</V></Values></Axis></Axis></Axis><Axis name="Term" value="4"><Axis name="Tenor" value="10"><Axis name="Strike" value="0"><Values><V>28.9</V></Values></Axis></Axis><Axis name="Tenor" value="12"><Axis name="Strike" value="0"><Values><V>28.7</V></Values></Axis></Axis><Axis name="Tenor" value="15"><Axis name="Strike" value="0"><Values><V>28.5</V></Values></Axis></Axis><Axis name="Tenor" value="1"><Axis name="Strike" value="0"><Values><V>37.5</V></Values></Axis></Axis><Axis name="Tenor" value="20"><Axis name="Strike" value="0"><Values><V>29.6</V></Values></Axis></Axis><Axis name="Tenor" value="25"><Axis name="Strike" value="0"><Values><V>31.1</V></Values></Axis></Axis><Axis name="Tenor" value="2"><Axis name="Strike" value="0"><Values><V>33.6</V></Values></Axis></Axis><Axis name="Tenor" value="30"><Axis name="Strike" value="0"><Values><V>31.9</V></Values></Axis></Axis><Axis name="Tenor" value="3"><Axis name="Strike" value="0"><Values><V>31.9</V></Values></Axis></Axis><Axis name="Tenor" value="4"><Axis name="Strike" value="0"><Values><V>30.9</V></Values></Axis></Axis><Axis name="Tenor" value="5"><Axis name="Strike" value="0"><Values><V>30.1</V></Values></Axis></Axis><Axis name="Tenor" value="6"><Axis name="Strike" value="0"><Values><V>29.6</V></Values></Axis></Axis><Axis name="Tenor" value="7"><Axis name="Strike" value="0"><Values><V>29.2</V></Values></Axis></Axis><Axis name="Tenor" value="8"><Axis name="Strike" value="0"><Values><V>28.9</V></Values></Axis></Axis><Axis name="Tenor" value="9"><Axis name="Strike" value="0"><Values><V>28.9</V></Values></Axis></Axis></Axis><Axis name="Term" value="5"><Axis name="Tenor" value="10"><Axis name="Strike" value="0"><Values><V>27.4</V></Values></Axis></Axis><Axis name="Tenor" value="12"><Axis name="Strike" value="0"><Values><V>27.5</V></Values></Axis></Axis><Axis name="Tenor" value="15"><Axis name="Strike" value="0"><Values><V>27.6</V></Values></Axis></Axis><Axis name="Tenor" value="1"><Axis name="Strike" value="0"><Values><V>33</V></Values></Axis></Axis><Axis name="Tenor" value="20"><Axis name="Strike" value="0"><Values><V>28.6</V></Values></Axis></Axis><Axis name="Tenor" value="25"><Axis name="Strike" value="0"><Values><V>30.1</V></Values></Axis></Axis><Axis name="Tenor" value="2"><Axis name="Strike" value="0"><Values><V>30.8</V></Values></Axis></Axis><Axis name="Tenor" value="30"><Axis name="Strike" value="0"><Values><V>30.8</V></Values></Axis></Axis><Axis name="Tenor" value="3"><Axis name="Strike" value="0"><Values><V>29.9</V></Values></Axis></Axis><Axis name="Tenor" value="4"><Axis name="Strike" value="0"><Values><V>29.1</V></Values></Axis></Axis><Axis name="Tenor" value="5"><Axis name="Strike" value="0"><Values><V>28.4</V></Values></Axis></Axis><Axis name="Tenor" value="6"><Axis name="Strike" value="0"><Values><V>27.9</V></Values></Axis></Axis><Axis name="Tenor" value="7"><Axis name="Strike" value="0"><Values><V>27.6</V></Values></Axis></Axis><Axis name="Tenor" value="8"><Axis name="Strike" value="0"><Values><V>27.4</V></Values></Axis></Axis><Axis name="Tenor" value="9"><Axis name="Strike" value="0"><Values><V>27.4</V></Values></Axis></Axis></Axis><Axis name="Term" value="6"><Axis name="Tenor" value="10"><Axis name="Strike" value="0"><Values><V>26.5</V></Values></Axis></Axis><Axis name="Tenor" value="12"><Axis name="Strike" value="0"><Values><V>26.6</V></Values></Axis></Axis><Axis name="Tenor" value="15"><Axis name="Strike" value="0"><Values><V>26.8</V></Values></Axis></Axis><Axis name="Tenor" value="1"><Axis name="Strike" value="0"><Values><V>30.4</V></Values></Axis></Axis><Axis name="Tenor" value="20"><Axis name="Strike" value="0"><Values><V>27.7</V></Values></Axis></Axis><Axis name="Tenor" value="25"><Axis name="Strike" value="0"><Values><V>29</V></Values></Axis></Axis><Axis name="Tenor" value="2"><Axis name="Strike" value="0"><Values><V>28.9</V></Values></Axis></Axis><Axis name="Tenor" value="30"><Axis name="Strike" value="0"><Values><V>29.5</V></Values></Axis></Axis><Axis name="Tenor" value="3"><Axis name="Strike" value="0"><Values><V>28.2</V></Values></Axis></Axis><Axis name="Tenor" value="4"><Axis name="Strike" value="0"><Values><V>27.4</V></Values></Axis></Axis><Axis name="Tenor" value="5"><Axis name="Strike" value="0"><Values><V>26.7</V></Values></Axis></Axis><Axis name="Tenor" value="6"><Axis name="Strike" value="0"><Values><V>26.4</V></Values></Axis></Axis><Axis name="Tenor" value="7"><Axis name="Strike" value="0"><Values><V>26.3</V></Values></Axis></Axis><Axis name="Tenor" value="8"><Axis name="Strike" value="0"><Values><V>26.3</V></Values></Axis></Axis><Axis name="Tenor" value="9"><Axis name="Strike" value="0"><Values><V>26.3</V></Values></Axis></Axis></Axis><Axis name="Term" value="7"><Axis name="Tenor" value="10"><Axis name="Strike" value="0"><Values><V>25.8</V></Values></Axis></Axis><Axis name="Tenor" value="12"><Axis name="Strike" value="0"><Values><V>25.9</V></Values></Axis></Axis><Axis name="Tenor" value="15"><Axis name="Strike" value="0"><Values><V>26.1</V></Values></Axis></Axis><Axis name="Tenor" value="1"><Axis name="Strike" value="0"><Values><V>29.6</V></Values></Axis></Axis><Axis name="Tenor" value="20"><Axis name="Strike" value="0"><Values><V>26.9</V></Values></Axis></Axis><Axis name="Tenor" value="25"><Axis name="Strike" value="0"><Values><V>28</V></Values></Axis></Axis><Axis name="Tenor" value="2"><Axis name="Strike" value="0"><Values><V>27.3</V></Values></Axis></Axis><Axis name="Tenor" value="30"><Axis name="Strike" value="0"><Values><V>28.4</V></Values></Axis></Axis><Axis name="Tenor" value="3"><Axis name="Strike" value="0"><Values><V>26.6</V></Values></Axis></Axis><Axis name="Tenor" value="4"><Axis name="Strike" value="0"><Values><V>25.9</V></Values></Axis></Axis><Axis name="Tenor" value="5"><Axis name="Strike" value="0"><Values><V>25.3</V></Values></Axis></Axis><Axis name="Tenor" value="6"><Axis name="Strike" value="0"><Values><V>25.1</V></Values></Axis></Axis><Axis name="Tenor" value="7"><Axis name="Strike" value="0"><Values><V>25.1</V></Values></Axis></Axis><Axis name="Tenor" value="8"><Axis name="Strike" value="0"><Values><V>25.3</V></Values></Axis></Axis><Axis name="Tenor" value="9"><Axis name="Strike" value="0"><Values><V>25.5</V></Values></Axis></Axis></Axis><Axis name="Term" value="8"><Axis name="Tenor" value="10"><Axis name="Strike" value="0"><Values><V>25.5</V></Values></Axis></Axis><Axis name="Tenor" value="12"><Axis name="Strike" value="0"><Values><V>25.6</V></Values></Axis></Axis><Axis name="Tenor" value="15"><Axis name="Strike" value="0"><Values><V>25.8</V></Values></Axis></Axis><Axis name="Tenor" value="1"><Axis name="Strike" value="0"><Values><V>27.1</V></Values></Axis></Axis><Axis name="Tenor" value="20"><Axis name="Strike" value="0"><Values><V>26.5</V></Values></Axis></Axis><Axis name="Tenor" value="25"><Axis name="Strike" value="0"><Values><V>27.3</V></Values></Axis></Axis><Axis name="Tenor" value="2"><Axis name="Strike" value="0"><Values><V>25.6</V></Values></Axis></Axis><Axis name="Tenor" value="30"><Axis name="Strike" value="0"><Values><V>27.4</V></Values></Axis></Axis><Axis name="Tenor" value="3"><Axis name="Strike" value="0"><Values><V>25.1</V></Values></Axis></Axis><Axis name="Tenor" value="4"><Axis name="Strike" value="0"><Values><V>24.7</V></Values></Axis></Axis><Axis name="Tenor" value="5"><Axis name="Strike" value="0"><Values><V>24.5</V></Values></Axis></Axis><Axis name="Tenor" value="6"><Axis name="Strike" value="0"><Values><V>24.4</V></Values></Axis></Axis><Axis name="Tenor" value="7"><Axis name="Strike" value="0"><Values><V>24.5</V></Values></Axis></Axis><Axis name="Tenor" value="8"><Axis name="Strike" value="0"><Values><V>24.9</V></Values></Axis></Axis><Axis name="Tenor" value="9"><Axis name="Strike" value="0"><Values><V>25.2</V></Values></Axis></Axis></Axis><Axis name="Term" value="9"><Axis name="Tenor" value="10"><Axis name="Strike" value="0"><Values><V>25.4</V></Values></Axis></Axis><Axis name="Tenor" value="12"><Axis name="Strike" value="0"><Values><V>25.5</V></Values></Axis></Axis><Axis name="Tenor" value="15"><Axis name="Strike" value="0"><Values><V>25.6</V></Values></Axis></Axis><Axis name="Tenor" value="1"><Axis name="Strike" value="0"><Values><V>24.9</V></Values></Axis></Axis><Axis name="Tenor" value="20"><Axis name="Strike" value="0"><Values><V>26.1</V></Values></Axis></Axis><Axis name="Tenor" value="25"><Axis name="Strike" value="0"><Values><V>26.6</V></Values></Axis></Axis><Axis name="Tenor" value="2"><Axis name="Strike" value="0"><Values><V>24.1</V></Values></Axis></Axis><Axis name="Tenor" value="30"><Axis name="Strike" value="0"><Values><V>26.6</V></Values></Axis></Axis><Axis name="Tenor" value="3"><Axis name="Strike" value="0"><Values><V>23.9</V></Values></Axis></Axis><Axis name="Tenor" value="4"><Axis name="Strike" value="0"><Values><V>23.8</V></Values></Axis></Axis><Axis name="Tenor" value="5"><Axis name="Strike" value="0"><Values><V>23.8</V></Values></Axis></Axis><Axis name="Tenor" value="6"><Axis name="Strike" value="0"><Values><V>23.7</V></Values></Axis></Axis><Axis name="Tenor" value="7"><Axis name="Strike" value="0"><Values><V>24.1</V></Values></Axis></Axis><Axis name="Tenor" value="8"><Axis name="Strike" value="0"><Values><V>24.6</V></Values></Axis></Axis><Axis name="Tenor" value="9"><Axis name="Strike" value="0"><Values><V>25</V></Values></Axis></Axis></Axis></DataSeries></DataSeriesSet>