<?xml version='1.0' encoding='ISO-8859-1'?><DataSeriesSet name="" date="19/Jul/2012"><DataSeries name="testcase3_axes_alphanumeric" status="1" purpose="Hey"><DynamicProperties><Property name="axis1_scale" type="string">absolute</Property><Property name="axis2_scale" type="string">absolute</Property><Property name="currency" type="string">testcase3</Property><Property name="description" type="string">base*0.5</Property><Property name="source" type="string">testcase3</Property><Property name="strike_type" type="string">spotstrike</Property><Property name="underlying_asset" type="string">testcase3</Property><Property name="units" type="string">percent</Property><Property name="volatility_measure" type="string">blackIV</Property><Property name="volatility_type" type="string">spotvol</Property></DynamicProperties><Dates><Date>30/Dec/2011</Date></Dates><Axis name="Term" value="B"><Axis name="Moneyness" value="0.5"><Values><V>16.8</V></Values></Axis><Axis name="Moneyness" value="0.6"><Values><V>15.89</V></Values></Axis><Axis name="Moneyness" value="0.7"><Values><V>15.22</V></Values></Axis><Axis name="Moneyness" value="0.8"><Values><V>14.645</V></Values></Axis><Axis name="Moneyness" value="0.9"><Values><V>14.11</V></Values></Axis><Axis name="Moneyness" value="1"><Values><V>13.61</V></Values></Axis><Axis name="Moneyness" value="1.1"><Values><V>13.17</V></Values></Axis><Axis name="Moneyness" value="1.2"><Values><V>12.805</V></Values></Axis><Axis name="Moneyness" value="1.3"><Values><V>12.51</V></Values></Axis><Axis name="Moneyness" value="1.4"><Values><V>12.255</V></Values></Axis><Axis name="Moneyness" value="1.5"><Values><V>12.02</V></Values></Axis></Axis><Axis name="Term" value="C"><Axis name="Moneyness" value="0.5"><Values><V>15.995</V></Values></Axis><Axis name="Moneyness" value="0.6"><Values><V>15.325</V></Values></Axis><Axis name="Moneyness" value="0.7"><Values><V>14.83</V></Values></Axis><Axis name="Moneyness" value="0.8"><Values><V>14.405</V></Values></Axis><Axis name="Moneyness" value="0.9"><Values><V>14.005</V></Values></Axis><Axis name="Moneyness" value="1"><Values><V>13.635</V></Values></Axis><Axis name="Moneyness" value="1.1"><Values><V>13.285</V></Values></Axis><Axis name="Moneyness" value="1.2"><Values><V>12.945</V></Values></Axis><Axis name="Moneyness" value="1.3"><Values><V>12.62</V></Values></Axis><Axis name="Moneyness" value="1.4"><Values><V>12.305</V></Values></Axis><Axis name="Moneyness" value="1.5"><Values><V>12.005</V></Values></Axis></Axis><Axis name="Term" value="A"><Axis name="Moneyness" value="0.5"><Values><V>15.995</V></Values></Axis><Axis name="Moneyness" value="0.6"><Values><V>15.325</V></Values></Axis><Axis name="Moneyness" value="0.7"><Values><V>14.83</V></Values></Axis><Axis name="Moneyness" value="0.8"><Values><V>14.405</V></Values></Axis><Axis name="Moneyness" value="0.9"><Values><V>14.005</V></Values></Axis><Axis name="Moneyness" value="1"><Values><V>13.635</V></Values></Axis><Axis name="Moneyness" value="1.1"><Values><V>13.285</V></Values></Axis><Axis name="Moneyness" value="1.2"><Values><V>12.945</V></Values></Axis><Axis name="Moneyness" value="1.3"><Values><V>12.62</V></Values></Axis><Axis name="Moneyness" value="1.4"><Values><V>12.305</V></Values></Axis><Axis name="Moneyness" value="1.5"><Values><V>12.005</V></Values></Axis></Axis><Axis name="Term" value="1"><Axis name="Moneyness" value="0.5"><Values><V>21.58</V></Values></Axis><Axis name="Moneyness" value="0.6"><Values><V>19.54</V></Values></Axis><Axis name="Moneyness" value="0.7"><Values><V>17.745</V></Values></Axis><Axis name="Moneyness" value="0.8"><Values><V>16.12</V></Values></Axis><Axis name="Moneyness" value="0.9"><Values><V>14.575</V></Values></Axis><Axis name="Moneyness" value="1"><Values><V>13.055</V></Values></Axis><Axis name="Moneyness" value="1.1"><Values><V>11.93</V></Values></Axis><Axis name="Moneyness" value="1.2"><Values><V>11.425</V></Values></Axis><Axis name="Moneyness" value="1.3"><Values><V>11.275</V></Values></Axis><Axis name="Moneyness" value="1.4"><Values><V>11.295</V></Values></Axis><Axis name="Moneyness" value="1.5"><Values><V>11.4</V></Values></Axis></Axis><Axis name="Term" value="10"><Axis name="Moneyness" value="0.5"><Values><V>15.355</V></Values></Axis><Axis name="Moneyness" value="0.6"><Values><V>14.885</V></Values></Axis><Axis name="Moneyness" value="0.7"><Values><V>14.53</V></Values></Axis><Axis name="Moneyness" value="0.8"><Values><V>14.22</V></Values></Axis><Axis name="Moneyness" value="0.9"><Values><V>13.925</V></Values></Axis><Axis name="Moneyness" value="1"><Values><V>13.655</V></Values></Axis><Axis name="Moneyness" value="1.1"><Values><V>13.37</V></Values></Axis><Axis name="Moneyness" value="1.2"><Values><V>13.045</V></Values></Axis><Axis name="Moneyness" value="1.3"><Values><V>12.7</V></Values></Axis><Axis name="Moneyness" value="1.4"><Values><V>12.345</V></Values></Axis><Axis name="Moneyness" value="1.5"><Values><V>11.995</V></Values></Axis></Axis><Axis name="Term" value="2"><Axis name="Moneyness" value="0.5"><Values><V>20.53</V></Values></Axis><Axis name="Moneyness" value="0.6"><Values><V>18.575</V></Values></Axis><Axis name="Moneyness" value="0.7"><Values><V>17.11</V></Values></Axis><Axis name="Moneyness" value="0.8"><Values><V>15.85</V></Values></Axis><Axis name="Moneyness" value="0.9"><Values><V>14.665</V></Values></Axis><Axis name="Moneyness" value="1"><Values><V>13.48</V></Values></Axis><Axis name="Moneyness" value="1.1"><Values><V>12.555</V></Values></Axis><Axis name="Moneyness" value="1.2"><Values><V>12.05</V></Values></Axis><Axis name="Moneyness" value="1.3"><Values><V>11.925</V></Values></Axis><Axis name="Moneyness" value="1.4"><Values><V>11.975</V></Values></Axis><Axis name="Moneyness" value="1.5"><Values><V>12.095</V></Values></Axis></Axis><Axis name="Term" value="3"><Axis name="Moneyness" value="0.5"><Values><V>18.555</V></Values></Axis><Axis name="Moneyness" value="0.6"><Values><V>17.135</V></Values></Axis><Axis name="Moneyness" value="0.7"><Values><V>16.09</V></Values></Axis><Axis name="Moneyness" value="0.8"><Values><V>15.19</V></Values></Axis><Axis name="Moneyness" value="0.9"><Values><V>14.36</V></Values></Axis><Axis name="Moneyness" value="1"><Values><V>13.555</V></Values></Axis><Axis name="Moneyness" value="1.1"><Values><V>12.9</V></Values></Axis><Axis name="Moneyness" value="1.2"><Values><V>12.475</V></Values></Axis><Axis name="Moneyness" value="1.3"><Values><V>12.255</V></Values></Axis><Axis name="Moneyness" value="1.4"><Values><V>12.13</V></Values></Axis><Axis name="Moneyness" value="1.5"><Values><V>12.055</V></Values></Axis></Axis><Axis name="Term" value="4"><Axis name="Moneyness" value="0.5"><Values><V>17.48</V></Values></Axis><Axis name="Moneyness" value="0.6"><Values><V>16.365</V></Values></Axis><Axis name="Moneyness" value="0.7"><Values><V>15.55</V></Values></Axis><Axis name="Moneyness" value="0.8"><Values><V>14.85</V></Values></Axis><Axis name="Moneyness" value="0.9"><Values><V>14.205</V></Values></Axis><Axis name="Moneyness" value="1"><Values><V>13.59</V></Values></Axis><Axis name="Moneyness" value="1.1"><Values><V>13.07</V></Values></Axis><Axis name="Moneyness" value="1.2"><Values><V>12.68</V></Values></Axis><Axis name="Moneyness" value="1.3"><Values><V>12.415</V></Values></Axis><Axis name="Moneyness" value="1.4"><Values><V>12.21</V></Values></Axis><Axis name="Moneyness" value="1.5"><Values><V>12.03</V></Values></Axis></Axis><Axis name="Term" value="5"><Axis name="Moneyness" value="0.5"><Values><V>16.8</V></Values></Axis><Axis name="Moneyness" value="0.6"><Values><V>15.89</V></Values></Axis><Axis name="Moneyness" value="0.7"><Values><V>15.22</V></Values></Axis><Axis name="Moneyness" value="0.8"><Values><V>14.645</V></Values></Axis><Axis name="Moneyness" value="0.9"><Values><V>14.11</V></Values></Axis><Axis name="Moneyness" value="1"><Values><V>13.61</V></Values></Axis><Axis name="Moneyness" value="1.1"><Values><V>13.17</V></Values></Axis><Axis name="Moneyness" value="1.2"><Values><V>12.805</V></Values></Axis><Axis name="Moneyness" value="1.3"><Values><V>12.51</V></Values></Axis><Axis name="Moneyness" value="1.4"><Values><V>12.255</V></Values></Axis><Axis name="Moneyness" value="1.5"><Values><V>12.02</V></Values></Axis></Axis><Axis name="Term" value="7"><Axis name="Moneyness" value="0.5"><Values><V>15.995</V></Values></Axis><Axis name="Moneyness" value="0.6"><Values><V>15.325</V></Values></Axis><Axis name="Moneyness" value="0.7"><Values><V>14.83</V></Values></Axis><Axis name="Moneyness" value="0.8"><Values><V>14.405</V></Values></Axis><Axis name="Moneyness" value="0.9"><Values><V>14.005</V></Values></Axis><Axis name="Moneyness" value="1"><Values><V>13.635</V></Values></Axis><Axis name="Moneyness" value="1.1"><Values><V>13.285</V></Values></Axis><Axis name="Moneyness" value="1.2"><Values><V>12.945</V></Values></Axis><Axis name="Moneyness" value="1.3"><Values><V>12.62</V></Values></Axis><Axis name="Moneyness" value="1.4"><Values><V>12.305</V></Values></Axis><Axis name="Moneyness" value="1.5"><Values><V>12.005</V></Values></Axis></Axis></DataSeries></DataSeriesSet>