<?xml version='1.0' encoding='ISO-8859-1'?><DataSeriesSet name="" date="19/Jul/2012"><DataSeries name="testcase3_axes_mixed_multiple_dates" status="1" purpose="Hey"><DynamicProperties><Property name="axis1_scale" type="string">absolute</Property><Property name="axis2_scale" type="string">absolute</Property><Property name="currency" type="string">testcase3</Property><Property name="description" type="string">base*0.5</Property><Property name="source" type="string">testcase3</Property><Property name="strike_type" type="string">spotstrike</Property><Property name="underlying_asset" type="string">testcase3</Property><Property name="units" type="string">percent</Property><Property name="volatility_measure" type="string">blackIV</Property><Property name="volatility_type" type="string">spotvol</Property></DynamicProperties><Dates><Date>28/Dec/2011</Date><Date>29/Dec/2011</Date><Date>30/Dec/2011</Date></Dates><Axis name="Term" value="6"><Axis name="Moneyness" value="0.5"><Values><V>16.8</V><V>16.8</V><V>16.8</V></Values></Axis><Axis name="Moneyness" value="0.6"><Values><V>15.89</V><V>16.8</V><V>16.8</V></Values></Axis><Axis name="Moneyness" value="0.7"><Values><V>15.22</V><V>16.8</V><V>16.8</V></Values></Axis></Axis><Axis name="Term" value="8"><Axis name="Moneyness" value="0.5"><Values><V>15.995</V><V>16.8</V><V>16.8</V></Values></Axis><Axis name="Moneyness" value="0.6"><Values><V>15.325</V><V>16.8</V><V>16.8</V></Values></Axis><Axis name="Moneyness" value="0.7"><Values><V>14.83</V><V>16.8</V><V>16.8</V></Values></Axis></Axis></DataSeries></DataSeriesSet>